cover [WILDCARD]/coverage/complex.ts ... 72.222% (39/54)
  46 | export function unused(
  47 |   foo: string,
  48 |   bar: string,
  49 |   baz: string,
  50 | ): Complex {
  51 |   return complex(
  52 |     foo,
  53 |     bar,
  54 |     baz,
-----|-----
  56 | }
-----|-----
  64 | export function Æ’(): number {
  65 |   return (
  66 |     0
-----|-----
  68 | }
-----|-----
  71 | console.log("%s", () => 1);
