Download http://localhost:4545/npm/registry/@denotest/peer-dep-test-child
Download http://localhost:4545/npm/registry/@denotest/peer-dep-test-grandchild
Download http://localhost:4545/npm/registry/@denotest/peer-dep-test-peer
Download http://localhost:4545/npm/registry/@denotest/peer-dep-test-child/1.0.0.tgz
Download http://localhost:4545/npm/registry/@denotest/peer-dep-test-child/2.0.0.tgz
Download http://localhost:4545/npm/registry/@denotest/peer-dep-test-grandchild/1.0.0.tgz
Download http://localhost:4545/npm/registry/@denotest/peer-dep-test-peer/1.0.0.tgz
Download http://localhost:4545/npm/registry/@denotest/peer-dep-test-peer/2.0.0.tgz
1
2
