[WILDCARD]package.json file found at '[WILDCARD]with_package_json[WILDCARD]package.json'
[WILDCARD]
ok
[Function (anonymous)] Chalk {
  constructor: [Function (anonymous)],
  Instance: [class ChalkClass],
  supportsColor: false,
  stderr: [Function (anonymous)] Chalk {
    constructor: [Function (anonymous)],
    Instance: [class ChalkClass],
    supportsColor: false
  }
}
