Download http://localhost:4545/lockfile/basic/mod.ts
Check file:///[WILDCARD]/main.test.ts
running 1 test from ./main.test.ts
[WILDCARD]
