Download http://localhost:4545/npm/registry/@denotest/bin
Download http://localhost:4545/npm/registry/@denotest/bin/1.0.0.tgz
Initialize @denotest/bin@1.0.0
Warning Currently only basic package.json `scripts` are supported. Programs like `rimraf` or `cross-env` will not work correctly. This will be fixed in an upcoming release.
Task bin cli-esm testing this out "asdf"
testing
this
out
asdf
