=== Optimizer Dump ===
returns_result: false
has_ref_opstate: false
has_rc_opstate: false
has_fast_callback_option: false
needs_fast_callback_option: false
fast_result: Some(Void)
fast_parameters: [V8Value, I32]
transforms: {}
is_async: true
fast_compatible: true
