=== Optimizer Dump ===
returns_result: false
has_ref_opstate: false
has_rc_opstate: false
has_fast_callback_option: false
needs_fast_callback_option: false
fast_result: None
fast_parameters: []
transforms: {}
is_async: false
fast_compatible: false
