=== Optimizer Dump ===
returns_result: true
has_ref_opstate: true
has_rc_opstate: false
has_fast_callback_option: false
needs_fast_callback_option: true
fast_result: Some(Void)
fast_parameters: [V8Value, SeqOneByteString, Bool]
transforms: {1: Transform { kind: SeqOneByteString(Ref), index: 1 }}
is_async: false
fast_compatible: false
