=== Optimizer Dump ===
returns_result: false
has_ref_opstate: false
has_rc_opstate: false
has_fast_callback_option: false
needs_fast_callback_option: false
fast_result: Some(Bool)
fast_parameters: [V8Value, V8Value]
transforms: {0: Transform { kind: V8Value, index: 0 }}
is_async: false
fast_compatible: true
