=== Optimizer Dump ===
returns_result: true
has_ref_opstate: true
has_rc_opstate: false
has_fast_callback_option: false
needs_fast_callback_option: false
fast_result: Some(Void)
fast_parameters: [V8Value, U32, Bool]
transforms: {}
is_async: false
fast_compatible: true
