Warning Ignoring dependency '@denotest/cjs-default-export' in package.json because its version requirement failed to parse: Invalid npm specifier version requirement. Unexpected character.
  invalid stuff that won't parse
  ~
Warning Currently only basic package.json `scripts` are supported. Programs like `rimraf` or `cross-env` will not work correctly. This will be fixed in an upcoming release.
Task test echo 1
1
