[WILDCARD][class Location]
Object [Location] {}
undefined
/bar
[WILDCARD]
