Download http://localhost:4545/npm/registry/@denotest/types-no-types-entry
Download http://localhost:4545/npm/registry/@denotest/types-entry-value-not-exists
Download http://localhost:4545/npm/registry/@denotest/types-entry-value-not-exists/1.0.0.tgz
Download http://localhost:4545/npm/registry/@denotest/types-no-types-entry/1.0.0.tgz
Check file://[WILDCARD]/types_no_types_entry/main.ts
error: TS2322 [ERROR]: Type 'number' is not assignable to type 'string'.
const result: string = getValue();
      ~~~~~~
    at file:///[WILDCARD]/main.ts:4:7
