Warning Currently only basic package.json `scripts` are supported. Programs like `rimraf` or `cross-env` will not work correctly. This will be fixed in an upcoming release.
Task on-own npx
npx: missing command
