Download http://localhost:4545/npm/registry/@denotest/MixedCase
Download http://localhost:4545/npm/registry/@denotest/CAPITALS
Download http://localhost:4545/npm/registry/@denotest/CAPITALS/1.0.0.tgz
Download http://localhost:4545/npm/registry/@denotest/MixedCase/1.0.0.tgz
5
