Download http://localhost:4545/npm/registry/@denotest/MixedCase
Download http://localhost:4545/npm/registry/@denotest/CAPITALS
Download http://localhost:4545/npm/registry/@denotest/CAPITALS/1.0.0.tgz
Initialize @denotest/CAPITALS@1.0.0
Download http://localhost:4545/npm/registry/@denotest/MixedCase/1.0.0.tgz
Initialize @denotest/MixedCase@1.0.0
5
true
true
